#-----------------------------------------------------------
# Vivado v2023.1 (64-bit)
# SW Build 3865809 on Sun May  7 15:05:29 MDT 2023
# IP Build 3864474 on Sun May  7 20:36:21 MDT 2023
# SharedData Build 3865790 on Sun May 07 13:33:03 MDT 2023
# Start of session at: Sat Feb 10 12:56:33 2024
# Process ID: 19644
# Current directory: C:/Personal/FPGA/FPGA_ECE8893/2023_Spring/Lab1/PartA/MatrixMultiplier/MatrixMultiplier.runs/impl_1
# Command line: vivado.exe -log matmul_wrapper.vdi -applog -product Vivado -messageDb vivado.pb -mode batch -source matmul_wrapper.tcl -notrace
# Log file: C:/Personal/FPGA/FPGA_ECE8893/2023_Spring/Lab1/PartA/MatrixMultiplier/MatrixMultiplier.runs/impl_1/matmul_wrapper.vdi
# Journal file: C:/Personal/FPGA/FPGA_ECE8893/2023_Spring/Lab1/PartA/MatrixMultiplier/MatrixMultiplier.runs/impl_1\vivado.jou
# Running On: LAPTOP-QFCR4R7C, OS: Windows, CPU Frequency: 3294 MHz, CPU Physical cores: 12, Host memory: 34204 MB
#-----------------------------------------------------------
source matmul_wrapper.tcl -notrace
